Resolving dependencies...
Downloading packages...
  app_links 7.1.1 (7.2.1 available)
  app_links_platform_interface 2.0.2 (2.0.4 available)
  cli_util 0.4.2 (0.5.2 available)
  connectivity_plus 6.1.5 (7.3.1 available)
  cross_file 0.3.5+2 (0.3.5+4 available)
  equatable 2.0.8 (2.1.0 available)
  file_picker 8.3.7 (11.0.3 available)
  flutter_launcher_icons 0.13.1 (0.14.4 available)
  image 4.8.0 (4.9.1 available)
  intl 0.20.2 (0.20.3 available)
  matcher 0.12.19 (0.12.20 available)
  meta 1.18.0 (1.19.0 available)
  path_provider_linux 2.2.1 (2.2.2 available)
  path_provider_platform_interface 2.1.2 (2.1.3 available)
  pdf 3.12.0 (3.13.0 available)
  posix 6.5.0 (6.5.2 available)
  printing 5.14.3 (5.15.0 available)
  qr 3.0.2 (4.0.0 available)
  shared_preferences_android 2.4.23 (2.4.27 available)
  test_api 0.7.11 (0.7.13 available)
  url_launcher_android 6.3.30 (6.3.32 available)
  vector_math 2.2.0 (2.4.2 available)
  win32 5.15.0 (6.3.0 available)
  xml 6.6.1 (7.0.1 available)
Got dependencies!
24 packages have newer versions incompatible with dependency constraints.
Try `flutter pub outdated` for more information.
Launching integration_test/verif_doctor_test.dart on Web Server in debug mode...
Waiting for connection from debug service on Web Server...         26.0s
integration_test/verif_doctor_test.dart is being served at http://localhost:36107
The web-server device requires the Dart Debug Chrome extension for debugging. Consider using the Chrome or Edge devices for an improved development workflow.
Debug service listening on ws://127.0.0.1:36431/1iM0KwBRHfI=/ws
A Dart VM Service on Web Server is available at: http://127.0.0.1:36431/1iM0KwBRHfI=
The Flutter DevTools debugger and profiler on Web Server is available at: http://127.0.0.1:36431/1iM0KwBRHfI=/devtools/?uri=ws://127.0.0.1:36431/1iM0KwBRHfI=/ws
Unhandled exception:
DriverError: Error while reading FlutterDriver result for command: window.$flutterDriver('{"command":"request_data","timeout":"1200000"}')
Original error: Expected: not null
  Actual: <null>

Original stack trace:
#0      fail (package:matcher/src/expect/expect.dart:187:31)
#1      _matcherExpect (package:webdriver/support/async.dart:103:5)
#2      Clock.waitFor (package:webdriver/support/async.dart:66:11)
<asynchronous suspension>
#3      FlutterWebConnection.sendCommand (package:flutter_driver/src/driver/web_driver.dart:339:30)
<asynchronous suspension>
#4      WebFlutterDriver.sendCommand (package:flutter_driver/src/driver/web_driver.dart:126:14)
<asynchronous suspension>
#5      FlutterDriver.requestData (package:flutter_driver/src/driver/driver.dart:585:7)
<asynchronous suspension>
#6      integrationDriver (package:integration_test/integration_test_driver.dart:71:29)
<asynchronous suspension>


#0      FlutterWebConnection.sendCommand (package:flutter_driver/src/driver/web_driver.dart:350:7)
<asynchronous suspension>
#1      WebFlutterDriver.sendCommand (package:flutter_driver/src/driver/web_driver.dart:126:14)
<asynchronous suspension>
#2      FlutterDriver.requestData (package:flutter_driver/src/driver/driver.dart:585:7)
<asynchronous suspension>
#3      integrationDriver (package:integration_test/integration_test_driver.dart:71:29)
<asynchronous suspension>
Application finished.
