NOTICE:  drop cascades to 135 other objects
DETAIL:  drop cascades to type alcance
drop cascades to type categoria_condicion
drop cascades to type categoria_diagnosis
drop cascades to type efecto_adverso
drop cascades to type efecto_secundario
drop cascades to type estado_cita
drop cascades to type estado_compra
drop cascades to type estado_consumible
drop cascades to type estado_cuenta
drop cascades to type estado_cuota
drop cascades to type estado_item_plan
drop cascades to type estado_pago
drop cascades to type estado_plan_tratamiento
drop cascades to type estado_receta
drop cascades to type estatus_persona
drop cascades to type genero
drop cascades to type metodo_pago
drop cascades to type modo_pago
drop cascades to type rol_usuario
drop cascades to type severidad_diagnosis
drop cascades to type tipo_atencion_clinica
drop cascades to type tipo_condicion
drop cascades to type tipo_contraindicacion
drop cascades to type tipo_documento
drop cascades to type tipo_movimiento
drop cascades to type tipo_paciente
drop cascades to type tipo_sangre
drop cascades to type tipo_superficie
drop cascades to type tipo_suplidor
drop cascades to function actualizar_stock_por_compra()
drop cascades to function ajustar_stock_consumible(uuid,integer,text)
drop cascades to function bloquear_cancelacion_con_consulta_abierta()
drop cascades to function cancelar_citas_paciente_inactivo()
drop cascades to function crear_consulta_completa(uuid,uuid,uuid,timestamp with time zone,text,jsonb,jsonb,jsonb)
drop cascades to function crear_consulta_completa(uuid,uuid,uuid,timestamp with time zone,text,jsonb,jsonb,jsonb,tipo_atencion_clinica)
drop cascades to function debe_ocultar_contacto_paciente(uuid)
drop cascades to function es_admin()
drop cascades to function es_asistente()
drop cascades to function es_doctor()
drop cascades to function es_doctor_no_admin()
drop cascades to function finalizar_consulta(uuid,text,text)
drop cascades to function fn_aplicar_movimiento_stock()
drop cascades to function fn_auditoria_log()
drop cascades to function fn_autoasignar_doctor_paciente()
drop cascades to function fn_cascade_deleted_at_doctor()
drop cascades to function fn_cascade_deleted_at_usuario()
drop cascades to function generar_codigo_receta()
drop cascades to function generar_plan_cuotas(uuid,jsonb)
drop cascades to function get_active_doctors()
drop cascades to function handle_new_user()
drop cascades to function limpiar_diagnosticos_superficie()
drop cascades to function manejar_cita_cancelada()
drop cascades to function marcar_cuotas_vencidas(uuid)
drop cascades to function marcar_item_plan_ejecutado()
drop cascades to function puede_ver_consulta(uuid)
drop cascades to function puede_ver_cuenta(uuid)
drop cascades to function puede_ver_diente(uuid)
drop cascades to function puede_ver_evaluacion(uuid)
drop cascades to function puede_ver_odontograma(uuid)
drop cascades to function puede_ver_paciente(uuid)
drop cascades to function puede_ver_plan(uuid)
drop cascades to function puede_ver_receta(uuid)
drop cascades to function realinear_consulta_al_reprogramar_cita()
drop cascades to function recibir_compra(uuid,uuid)
drop cascades to function registrar_mantenimiento_equipo(uuid,uuid,numeric,timestamp with time zone,text)
drop cascades to function registrar_pago(uuid,numeric,text,uuid)
drop cascades to function registrar_pago_en_caja()
drop cascades to function sync_disponibilidad_doctor()
drop cascades to function update_modified_column()
drop cascades to function update_timestamp()
drop cascades to function validar_caja_abierta()
drop cascades to function validar_cita_item_plan()
drop cascades to function validar_disponibilidad_doctor_simple()
drop cascades to function validar_doctor_activo()
drop cascades to function validar_fecha_nacimiento()
drop cascades to function validar_monto_cuotas()
drop cascades to function validar_monto_pago()
drop cascades to function verificar_item_plan_ejecutable()
drop cascades to table dientes
drop cascades to table items_plan_tratamiento
drop cascades to table planes_tratamiento
drop cascades to table tratamientos
drop cascades to view actividades_agendables_paciente
drop cascades to table admins
drop cascades to table asistentes
drop cascades to table auditoria_log
drop cascades to table cajas
drop cascades to table cajas_diarias
drop cascades to table citas
drop cascades to table citas_items_plan
drop cascades to table compras
drop cascades to table condiciones
drop cascades to table consultas
drop cascades to view consulta_resumen
drop cascades to table consumibles
drop cascades to table consumibles_compras
drop cascades to table contactos
drop cascades to table persona_contactos
drop cascades to view contactos_seguro
drop cascades to table contraindicaciones
and 35 other objects (see server log for list)
