Analyzing salud_dental_clinic_management...                     

   info • The file name 'cedulaTest.dart' isn't a lower_case_with_underscores identifier. Try changing the name to follow the lower_case_with_underscores style • lib/core/test/cedulaTest.dart:1:1 • file_names
   info • The imported package 'flutter_test' isn't a dependency of the importing package. Try adding a dependency for 'flutter_test' in the 'pubspec.yaml' file • lib/core/test/cedulaTest.dart:3:8 • depend_on_referenced_packages
   info • Don't use 'BuildContext's across async gaps, guarded by an unrelated 'mounted' check. Guard a 'State.context' use with a 'mounted' check on the State, and other BuildContext use with a 'mounted' check on the BuildContext • lib/features/caja_diaria/presentation/pages/caja_diaria_page.dart:396:25 • use_build_context_synchronously
   info • Don't use 'BuildContext's across async gaps, guarded by an unrelated 'mounted' check. Guard a 'State.context' use with a 'mounted' check on the State, and other BuildContext use with a 'mounted' check on the BuildContext • lib/features/caja_diaria/presentation/pages/caja_diaria_page.dart:404:28 • use_build_context_synchronously
   info • Don't use 'BuildContext's across async gaps, guarded by an unrelated 'mounted' check. Guard a 'State.context' use with a 'mounted' check on the State, and other BuildContext use with a 'mounted' check on the BuildContext • lib/features/caja_diaria/presentation/pages/caja_diaria_page.dart:415:28 • use_build_context_synchronously
   info • Don't use 'BuildContext's across async gaps, guarded by an unrelated 'mounted' check. Guard a 'State.context' use with a 'mounted' check on the State, and other BuildContext use with a 'mounted' check on the BuildContext • lib/features/caja_diaria/presentation/pages/caja_diaria_page.dart:506:19 • use_build_context_synchronously
   info • Don't use 'BuildContext's across async gaps, guarded by an unrelated 'mounted' check. Guard a 'State.context' use with a 'mounted' check on the State, and other BuildContext use with a 'mounted' check on the BuildContext • lib/features/caja_diaria/presentation/pages/caja_diaria_page.dart:518:28 • use_build_context_synchronously
   info • Don't use 'BuildContext's across async gaps, guarded by an unrelated 'mounted' check. Guard a 'State.context' use with a 'mounted' check on the State, and other BuildContext use with a 'mounted' check on the BuildContext • lib/features/caja_diaria/presentation/pages/caja_diaria_page.dart:521:28 • use_build_context_synchronously
   info • Don't use 'BuildContext's across async gaps, guarded by an unrelated 'mounted' check. Guard a 'State.context' use with a 'mounted' check on the State, and other BuildContext use with a 'mounted' check on the BuildContext • lib/features/caja_diaria/presentation/pages/caja_diaria_page.dart:535:20 • use_build_context_synchronously
   info • The imported package 'intl' isn't a dependency of the importing package. Try adding a dependency for 'intl' in the 'pubspec.yaml' file • lib/features/caja_diaria/presentation/pages/resumen_cierre_page.dart:5:8 • depend_on_referenced_packages
   info • 'Table.fromTextArray' is deprecated and shouldn't be used. Use TableHelper.fromTextArray() instead. Try replacing the use of the deprecated member with the replacement • lib/features/caja_diaria/presentation/pages/resumen_cierre_page.dart:252:15 • deprecated_member_use
   info • 'Table.fromTextArray' is deprecated and shouldn't be used. Use TableHelper.fromTextArray() instead. Try replacing the use of the deprecated member with the replacement • lib/features/caja_diaria/presentation/pages/resumen_cierre_page.dart:290:24 • deprecated_member_use
   info • 'withOpacity' is deprecated and shouldn't be used. Use .withValues() to avoid precision loss. Try replacing the use of the deprecated member with the replacement • lib/features/cita/presentation/pages/cita_edit_page.dart:253:46 • deprecated_member_use
   info • 'withOpacity' is deprecated and shouldn't be used. Use .withValues() to avoid precision loss. Try replacing the use of the deprecated member with the replacement • lib/features/cita/presentation/pages/cita_edit_page.dart:465:39 • deprecated_member_use
   info • 'withOpacity' is deprecated and shouldn't be used. Use .withValues() to avoid precision loss. Try replacing the use of the deprecated member with the replacement • lib/features/cita/presentation/pages/cita_edit_page.dart:468:41 • deprecated_member_use
   info • 'withOpacity' is deprecated and shouldn't be used. Use .withValues() to avoid precision loss. Try replacing the use of the deprecated member with the replacement • lib/features/cita/presentation/pages/cita_edit_page.dart:478:29 • deprecated_member_use
   info • 'withOpacity' is deprecated and shouldn't be used. Use .withValues() to avoid precision loss. Try replacing the use of the deprecated member with the replacement • lib/features/cita/presentation/pages/cita_edit_page.dart:677:36 • deprecated_member_use
   info • 'withOpacity' is deprecated and shouldn't be used. Use .withValues() to avoid precision loss. Try replacing the use of the deprecated member with the replacement • lib/features/cita/presentation/pages/cita_edit_page.dart:804:29 • deprecated_member_use
   info • Statements in an if should be enclosed in a block. Try wrapping the statement in a block • lib/features/cita/presentation/widgets/nueva_cita_dialog.dart:1036:27 • curly_braces_in_flow_control_structures
   info • 'activeColor' is deprecated and shouldn't be used. Use activeThumbColor instead. This feature was deprecated after v3.31.0-2.0.pre. Try replacing the use of the deprecated member with the replacement • lib/features/cita/presentation/widgets/nueva_cita_dialog.dart:1388:15 • deprecated_member_use
   info • Unnecessary use of multiple underscores. Try using '_' • lib/features/compra/presentation/pages/recepcion_compra_page.dart:147:41 • unnecessary_underscores
   info • Unnecessary use of multiple underscores. Try using '_' • lib/features/compra/presentation/widgets/compras_tab_view.dart:137:43 • unnecessary_underscores
   info • The imported package 'shared_preferences' isn't a dependency of the importing package. Try adding a dependency for 'shared_preferences' in the 'pubspec.yaml' file • lib/features/configuracion/presentation/cubit/settings_cubit.dart:4:8 • depend_on_referenced_packages
   info • 'withOpacity' is deprecated and shouldn't be used. Use .withValues() to avoid precision loss. Try replacing the use of the deprecated member with the replacement • lib/features/configuracion/presentation/pages/configuracion_page.dart:226:55 • deprecated_member_use
   info • 'withOpacity' is deprecated and shouldn't be used. Use .withValues() to avoid precision loss. Try replacing the use of the deprecated member with the replacement • lib/features/configuracion/presentation/pages/configuracion_page.dart:282:49 • deprecated_member_use
   info • 'withOpacity' is deprecated and shouldn't be used. Use .withValues() to avoid precision loss. Try replacing the use of the deprecated member with the replacement • lib/features/configuracion/presentation/pages/configuracion_page.dart:287:43 • deprecated_member_use
   info • 'withOpacity' is deprecated and shouldn't be used. Use .withValues() to avoid precision loss. Try replacing the use of the deprecated member with the replacement • lib/features/configuracion/presentation/pages/configuracion_page.dart:332:49 • deprecated_member_use
   info • 'withOpacity' is deprecated and shouldn't be used. Use .withValues() to avoid precision loss. Try replacing the use of the deprecated member with the replacement • lib/features/configuracion/presentation/pages/configuracion_page.dart:342:38 • deprecated_member_use
   info • 'withOpacity' is deprecated and shouldn't be used. Use .withValues() to avoid precision loss. Try replacing the use of the deprecated member with the replacement • lib/features/configuracion/presentation/pages/configuracion_page.dart:348:45 • deprecated_member_use
   info • 'withOpacity' is deprecated and shouldn't be used. Use .withValues() to avoid precision loss. Try replacing the use of the deprecated member with the replacement • lib/features/configuracion/presentation/pages/configuracion_page.dart:418:44 • deprecated_member_use
   info • 'withOpacity' is deprecated and shouldn't be used. Use .withValues() to avoid precision loss. Try replacing the use of the deprecated member with the replacement • lib/features/configuracion/presentation/pages/configuracion_page.dart:424:51 • deprecated_member_use
   info • 'withOpacity' is deprecated and shouldn't be used. Use .withValues() to avoid precision loss. Try replacing the use of the deprecated member with the replacement • lib/features/configuracion/presentation/pages/configuracion_page.dart:444:57 • deprecated_member_use
   info • 'withOpacity' is deprecated and shouldn't be used. Use .withValues() to avoid precision loss. Try replacing the use of the deprecated member with the replacement • lib/features/configuracion/presentation/pages/configuracion_page.dart:469:59 • deprecated_member_use
   info • 'withOpacity' is deprecated and shouldn't be used. Use .withValues() to avoid precision loss. Try replacing the use of the deprecated member with the replacement • lib/features/configuracion/presentation/pages/configuracion_page.dart:543:49 • deprecated_member_use
   info • Use the null-aware marker '?' rather than a null check via an 'if'. Try using '?' • lib/features/consulta/data/repositories/consulta_repository_impl.dart:314:7 • use_null_aware_elements
   info • Use the null-aware marker '?' rather than a null check via an 'if'. Try using '?' • lib/features/consulta/domain/entities/signos_vitales.dart:323:15 • use_null_aware_elements
   info • Use the null-aware marker '?' rather than a null check via an 'if'. Try using '?' • lib/features/consulta/domain/entities/signos_vitales.dart:342:13 • use_null_aware_elements
   info • Unnecessary use of multiple underscores. Try using '_' • lib/features/consulta/presentation/pages/consulta_detalle_page.dart:250:47 • unnecessary_underscores
   info • Unnecessary use of multiple underscores. Try using '_' • lib/features/consulta/presentation/pages/consulta_detalle_page.dart:250:51 • unnecessary_underscores
   info • 'activeColor' is deprecated and shouldn't be used. Use activeThumbColor instead. This feature was deprecated after v3.31.0-2.0.pre. Try replacing the use of the deprecated member with the replacement • lib/features/consulta/presentation/pages/consultas_list_page.dart:135:17 • deprecated_member_use
   info • 'activeColor' is deprecated and shouldn't be used. Use activeThumbColor instead. This feature was deprecated after v3.31.0-2.0.pre. Try replacing the use of the deprecated member with the replacement • lib/features/consulta/presentation/pages/consultas_list_page.dart:145:17 • deprecated_member_use
   info • 'activeColor' is deprecated and shouldn't be used. Use activeThumbColor instead. This feature was deprecated after v3.31.0-2.0.pre. Try replacing the use of the deprecated member with the replacement • lib/features/consulta/presentation/pages/consultas_list_page.dart:155:17 • deprecated_member_use
   info • 'activeColor' is deprecated and shouldn't be used. Use activeThumbColor instead. This feature was deprecated after v3.31.0-2.0.pre. Try replacing the use of the deprecated member with the replacement • lib/features/consulta/presentation/pages/consultas_list_page.dart:165:17 • deprecated_member_use
   info • 'activeColor' is deprecated and shouldn't be used. Use activeThumbColor instead. This feature was deprecated after v3.31.0-2.0.pre. Try replacing the use of the deprecated member with the replacement • lib/features/consulta/presentation/pages/consultas_list_page.dart:175:17 • deprecated_member_use
   info • 'activeColor' is deprecated and shouldn't be used. Use activeThumbColor instead. This feature was deprecated after v3.31.0-2.0.pre. Try replacing the use of the deprecated member with the replacement • lib/features/consulta/presentation/pages/consultas_list_page.dart:185:17 • deprecated_member_use
   info • The imported package 'intl' isn't a dependency of the importing package. Try adding a dependency for 'intl' in the 'pubspec.yaml' file • lib/features/consulta/presentation/pages/resumen_financiero_paciente.dart:3:8 • depend_on_referenced_packages
   info • 'value' is deprecated and shouldn't be used. Use initialValue instead. This will set the initial value for the form field. This feature was deprecated after v3.33.0-1.0.pre. Try replacing the use of the deprecated member with the replacement • lib/features/contraindicacion/presentation/pages/contraindicacion_form_page.dart:139:23 • deprecated_member_use
   info • 'value' is deprecated and shouldn't be used. Use initialValue instead. This will set the initial value for the form field. This feature was deprecated after v3.33.0-1.0.pre. Try replacing the use of the deprecated member with the replacement • lib/features/contraindicacion/presentation/pages/contraindicacion_form_page.dart:156:23 • deprecated_member_use
   info • 'value' is deprecated and shouldn't be used. Use initialValue instead. This will set the initial value for the form field. This feature was deprecated after v3.33.0-1.0.pre. Try replacing the use of the deprecated member with the replacement • lib/features/contraindicacion/presentation/pages/contraindicacion_form_page.dart:193:23 • deprecated_member_use
   info • The member 'updateCuenta' overrides an inherited member but isn't annotated with '@override'. Try adding the '@override' annotation • lib/features/cuenta/data/datasources/cuenta_remote_datasource_impl.dart:68:14 • annotate_overrides
   info • Statements in an if should be enclosed in a block. Try wrapping the statement in a block • lib/features/cuenta/presentation/cubit/cuentas_por_cobrar_cubit.dart:114:9 • curly_braces_in_flow_control_structures
   info • The imported package 'intl' isn't a dependency of the importing package. Try adding a dependency for 'intl' in the 'pubspec.yaml' file • lib/features/cuenta/presentation/pages/cuentas_por_cobrar_page.dart:5:8 • depend_on_referenced_packages
   info • 'value' is deprecated and shouldn't be used. Use initialValue instead. This will set the initial value for the form field. This feature was deprecated after v3.33.0-1.0.pre. Try replacing the use of the deprecated member with the replacement • lib/features/cuenta/presentation/pages/cuentas_por_cobrar_page.dart:102:17 • deprecated_member_use
   info • Unnecessary use of multiple underscores. Try using '_' • lib/features/cuenta/presentation/pages/cuentas_por_cobrar_page.dart:529:37 • unnecessary_underscores
   info • The imported package 'intl' isn't a dependency of the importing package. Try adding a dependency for 'intl' in the 'pubspec.yaml' file • lib/features/cuenta/presentation/widgets/cuenta_card.dart:2:8 • depend_on_referenced_packages
   info • 'value' is deprecated and shouldn't be used. Use initialValue instead. This will set the initial value for the form field. This feature was deprecated after v3.33.0-1.0.pre. Try replacing the use of the deprecated member with the replacement • lib/features/diagnosis/presentation/pages/diagnosis_form_page.dart:250:25 • deprecated_member_use
   info • 'value' is deprecated and shouldn't be used. Use initialValue instead. This will set the initial value for the form field. This feature was deprecated after v3.33.0-1.0.pre. Try replacing the use of the deprecated member with the replacement • lib/features/diagnosis/presentation/pages/diagnosis_form_page.dart:266:25 • deprecated_member_use
   info • 'value' is deprecated and shouldn't be used. Use initialValue instead. This will set the initial value for the form field. This feature was deprecated after v3.33.0-1.0.pre. Try replacing the use of the deprecated member with the replacement • lib/features/diagnosis/presentation/pages/diagnosis_form_page.dart:286:25 • deprecated_member_use
   info • Unnecessary use of multiple underscores. Try using '_' • lib/features/diagnosis/presentation/pages/diagnosos_list_page.dart:269:45 • unnecessary_underscores
   info • The imported package 'intl' isn't a dependency of the importing package. Try adding a dependency for 'intl' in the 'pubspec.yaml' file • lib/features/equipo/presentation/pages/crear_editar_equipo_page.dart:5:8 • depend_on_referenced_packages
   info • Unnecessary use of multiple underscores. Try using '_' • lib/features/equipo/presentation/pages/equipo_list_page.dart:344:37 • unnecessary_underscores
   info • The imported package 'intl' isn't a dependency of the importing package. Try adding a dependency for 'intl' in the 'pubspec.yaml' file • lib/features/equipo/presentation/widgets/registrar_mantenimiento_dialog.dart:3:8 • depend_on_referenced_packages
   info • Use the null-aware marker '?' rather than a null check via an 'if'. Try using '?' • lib/features/medicina/presentation/pages/medicina_form_page.dart:659:15 • use_null_aware_elements
   info • Statements in an if should be enclosed in a block. Try wrapping the statement in a block • lib/features/medicina/presentation/pages/medicina_form_page.dart:961:29 • curly_braces_in_flow_control_structures
   info • 'value' is deprecated and shouldn't be used. Use initialValue instead. This will set the initial value for the form field. This feature was deprecated after v3.33.0-1.0.pre. Try replacing the use of the deprecated member with the replacement • lib/features/medicina/presentation/pages/medicina_form_page.dart:1109:35 • deprecated_member_use
   info • 'withOpacity' is deprecated and shouldn't be used. Use .withValues() to avoid precision loss. Try replacing the use of the deprecated member with the replacement • lib/features/medicina/presentation/widgets/contraindicaciones_card.dart:32:33 • deprecated_member_use
   info • 'withOpacity' is deprecated and shouldn't be used. Use .withValues() to avoid precision loss. Try replacing the use of the deprecated member with the replacement • lib/features/medicina/presentation/widgets/contraindicaciones_card.dart:55:35 • deprecated_member_use
   info • 'withOpacity' is deprecated and shouldn't be used. Use .withValues() to avoid precision loss. Try replacing the use of the deprecated member with the replacement • lib/features/medicina/presentation/widgets/contraindicaciones_card.dart:117:42 • deprecated_member_use
   info • 'withOpacity' is deprecated and shouldn't be used. Use .withValues() to avoid precision loss. Try replacing the use of the deprecated member with the replacement • lib/features/medicina/presentation/widgets/contraindicaciones_card.dart:125:51 • deprecated_member_use
   info • 'withOpacity' is deprecated and shouldn't be used. Use .withValues() to avoid precision loss. Try replacing the use of the deprecated member with the replacement • lib/features/medicina/presentation/widgets/contraindicaciones_card.dart:159:45 • deprecated_member_use
   info • 'withOpacity' is deprecated and shouldn't be used. Use .withValues() to avoid precision loss. Try replacing the use of the deprecated member with the replacement • lib/features/medicina/presentation/widgets/contraindicaciones_card.dart:162:47 • deprecated_member_use
   info • 'withOpacity' is deprecated and shouldn't be used. Use .withValues() to avoid precision loss. Try replacing the use of the deprecated member with the replacement • lib/features/medicina/presentation/widgets/efectos_secundarios_card.dart:61:40 • deprecated_member_use
   info • 'withOpacity' is deprecated and shouldn't be used. Use .withValues() to avoid precision loss. Try replacing the use of the deprecated member with the replacement • lib/features/medicina/presentation/widgets/efectos_secundarios_card.dart:100:47 • deprecated_member_use
   info • Use the null-aware marker '?' rather than a null check via an 'if'. Try using '?' • lib/features/odontograma/domain/entities/evaluacion_odontologica.dart:178:17 • use_null_aware_elements
   info • Use the null-aware marker '?' rather than a null check via an 'if'. Try using '?' • lib/features/odontograma/domain/entities/evaluacion_odontologica.dart:206:5 • use_null_aware_elements
   info • Unnecessary 'const' keyword. Try removing the keyword • lib/features/paciente/presentation/cubit/paciente_cubit.dart:69:53 • unnecessary_const
   info • Unnecessary 'const' keyword. Try removing the keyword • lib/features/paciente/presentation/cubit/paciente_cubit.dart:76:31 • unnecessary_const
   info • Use the null-aware marker '?' rather than a null check via an 'if'. Try using '?' • lib/features/paciente/presentation/pages/paciente_form_page.dart:1281:15 • use_null_aware_elements
   info • 'withOpacity' is deprecated and shouldn't be used. Use .withValues() to avoid precision loss. Try replacing the use of the deprecated member with the replacement • lib/features/personal/presentation/pages/crear_usuario_page.dart:397:31 • deprecated_member_use
   info • 'withOpacity' is deprecated and shouldn't be used. Use .withValues() to avoid precision loss. Try replacing the use of the deprecated member with the replacement • lib/features/personal/presentation/pages/crear_usuario_page.dart:503:23 • deprecated_member_use
   info • 'withOpacity' is deprecated and shouldn't be used. Use .withValues() to avoid precision loss. Try replacing the use of the deprecated member with the replacement • lib/features/personal/presentation/pages/crear_usuario_page.dart:588:23 • deprecated_member_use
   info • 'activeColor' is deprecated and shouldn't be used. Use activeThumbColor instead. This feature was deprecated after v3.31.0-2.0.pre. Try replacing the use of the deprecated member with the replacement • lib/features/personal/presentation/pages/crear_usuario_page.dart:617:21 • deprecated_member_use
   info • 'withOpacity' is deprecated and shouldn't be used. Use .withValues() to avoid precision loss. Try replacing the use of the deprecated member with the replacement • lib/features/personal/presentation/pages/crear_usuario_page.dart:669:25 • deprecated_member_use
   info • 'withOpacity' is deprecated and shouldn't be used. Use .withValues() to avoid precision loss. Try replacing the use of the deprecated member with the replacement • lib/features/personal/presentation/pages/crear_usuario_page.dart:723:43 • deprecated_member_use
   info • 'withOpacity' is deprecated and shouldn't be used. Use .withValues() to avoid precision loss. Try replacing the use of the deprecated member with the replacement • lib/features/personal/presentation/pages/crear_usuario_page.dart:728:45 • deprecated_member_use
   info • 'withOpacity' is deprecated and shouldn't be used. Use .withValues() to avoid precision loss. Try replacing the use of the deprecated member with the replacement • lib/features/personal/presentation/pages/crear_usuario_page.dart:925:45 • deprecated_member_use
   info • 'withOpacity' is deprecated and shouldn't be used. Use .withValues() to avoid precision loss. Try replacing the use of the deprecated member with the replacement • lib/features/personal/presentation/pages/crear_usuario_page.dart:928:47 • deprecated_member_use
   info • 'withOpacity' is deprecated and shouldn't be used. Use .withValues() to avoid precision loss. Try replacing the use of the deprecated member with the replacement • lib/features/personal/presentation/pages/usuarios_list_page.dart:182:51 • deprecated_member_use
   info • 'withOpacity' is deprecated and shouldn't be used. Use .withValues() to avoid precision loss. Try replacing the use of the deprecated member with the replacement • lib/features/personal/presentation/pages/usuarios_list_page.dart:192:53 • deprecated_member_use
   info • 'withOpacity' is deprecated and shouldn't be used. Use .withValues() to avoid precision loss. Try replacing the use of the deprecated member with the replacement • lib/features/personal/presentation/pages/usuarios_list_page.dart:197:53 • deprecated_member_use
   info • 'withOpacity' is deprecated and shouldn't be used. Use .withValues() to avoid precision loss. Try replacing the use of the deprecated member with the replacement • lib/features/personal/presentation/widgets/perfil_card.dart:44:51 • deprecated_member_use
   info • 'withOpacity' is deprecated and shouldn't be used. Use .withValues() to avoid precision loss. Try replacing the use of the deprecated member with the replacement • lib/features/personal/presentation/widgets/perfil_card.dart:55:21 • deprecated_member_use
   info • 'withOpacity' is deprecated and shouldn't be used. Use .withValues() to avoid precision loss. Try replacing the use of the deprecated member with the replacement • lib/features/personal/presentation/widgets/perfil_card.dart:97:67 • deprecated_member_use
   info • 'withOpacity' is deprecated and shouldn't be used. Use .withValues() to avoid precision loss. Try replacing the use of the deprecated member with the replacement • lib/features/personal/presentation/widgets/perfil_card.dart:129:59 • deprecated_member_use
   info • 'withOpacity' is deprecated and shouldn't be used. Use .withValues() to avoid precision loss. Try replacing the use of the deprecated member with the replacement • lib/features/personal/presentation/widgets/perfil_card.dart:168:57 • deprecated_member_use
   info • 'withOpacity' is deprecated and shouldn't be used. Use .withValues() to avoid precision loss. Try replacing the use of the deprecated member with the replacement • lib/features/personal/presentation/widgets/perfil_card.dart:182:38 • deprecated_member_use
   info • 'withOpacity' is deprecated and shouldn't be used. Use .withValues() to avoid precision loss. Try replacing the use of the deprecated member with the replacement • lib/features/personal/presentation/widgets/perfil_card.dart:201:23 • deprecated_member_use
   info • Don't use 'BuildContext's across async gaps. Try rewriting the code to not use the 'BuildContext', or guard the use with a 'mounted' check • lib/features/plan_tratamiento/presentation/widgets/seccion_plan_tratamiento.dart:443:48 • use_build_context_synchronously
   info • Unnecessary use of multiple underscores. Try using '_' • lib/features/procedimiento/presentarion/pages/procedimiento_list_page.dart:204:45 • unnecessary_underscores
   info • Use the null-aware marker '?' rather than a null check via an 'if'. Try using '?' • lib/features/receta/data/models/item_receta_model.dart:58:7 • use_null_aware_elements
   info • Unnecessary use of multiple underscores. Try using '_' • lib/features/receta/presentation/pages/receta_page.dart:180:37 • unnecessary_underscores
   info • Unnecessary use of multiple underscores. Try using '_' • lib/features/receta/presentation/pages/receta_page.dart:180:41 • unnecessary_underscores
   info • 'activeColor' is deprecated and shouldn't be used. Use activeThumbColor instead. This feature was deprecated after v3.31.0-2.0.pre. Try replacing the use of the deprecated member with the replacement • lib/features/record/presentation/widgets/editar_detalle_condicion_dialog.dart:93:15 • deprecated_member_use
   info • Unnecessary use of multiple underscores. Try using '_' • lib/features/suplidor/presentation/widgets/suplidores_tab_view.dart:183:31 • unnecessary_underscores
   info • 'value' is deprecated and shouldn't be used. Use initialValue instead. This will set the initial value for the form field. This feature was deprecated after v3.33.0-1.0.pre. Try replacing the use of the deprecated member with the replacement • lib/features/suplidor/presentation/widgets/suplidores_tab_view.dart:387:23 • deprecated_member_use
   info • 'withOpacity' is deprecated and shouldn't be used. Use .withValues() to avoid precision loss. Try replacing the use of the deprecated member with the replacement • lib/features/tratamiento/presentation/screens/tratamiento_screen.dart:133:48 • deprecated_member_use
   info • 'withOpacity' is deprecated and shouldn't be used. Use .withValues() to avoid precision loss. Try replacing the use of the deprecated member with the replacement • lib/features/tratamiento/presentation/screens/tratamiento_screen.dart:216:58 • deprecated_member_use
   info • 'withOpacity' is deprecated and shouldn't be used. Use .withValues() to avoid precision loss. Try replacing the use of the deprecated member with the replacement • lib/features/tratamiento/presentation/screens/tratamiento_screen.dart:220:58 • deprecated_member_use
   info • 'withOpacity' is deprecated and shouldn't be used. Use .withValues() to avoid precision loss. Try replacing the use of the deprecated member with the replacement • lib/features/tratamiento/presentation/screens/tratamiento_screen.dart:281:37 • deprecated_member_use
   info • 'withOpacity' is deprecated and shouldn't be used. Use .withValues() to avoid precision loss. Try replacing the use of the deprecated member with the replacement • lib/features/tratamiento/presentation/widgets/tratamiento_card.dart:23:46 • deprecated_member_use
   info • 'withOpacity' is deprecated and shouldn't be used. Use .withValues() to avoid precision loss. Try replacing the use of the deprecated member with the replacement • lib/features/tratamiento/presentation/widgets/tratamiento_card.dart:26:33 • deprecated_member_use
   info • 'withOpacity' is deprecated and shouldn't be used. Use .withValues() to avoid precision loss. Try replacing the use of the deprecated member with the replacement • lib/features/tratamiento/presentation/widgets/tratamiento_card.dart:35:37 • deprecated_member_use
   info • 'withOpacity' is deprecated and shouldn't be used. Use .withValues() to avoid precision loss. Try replacing the use of the deprecated member with the replacement • lib/features/tratamiento/presentation/widgets/tratamiento_card.dart:100:32 • deprecated_member_use
   info • 'withOpacity' is deprecated and shouldn't be used. Use .withValues() to avoid precision loss. Try replacing the use of the deprecated member with the replacement • lib/features/tratamiento/presentation/widgets/tratamiento_card.dart:169:33 • deprecated_member_use
   info • 'withOpacity' is deprecated and shouldn't be used. Use .withValues() to avoid precision loss. Try replacing the use of the deprecated member with the replacement • lib/features/tratamiento/presentation/widgets/tratamiento_card.dart:176:23 • deprecated_member_use
   info • 'withOpacity' is deprecated and shouldn't be used. Use .withValues() to avoid precision loss. Try replacing the use of the deprecated member with the replacement • lib/features/tratamiento/presentation/widgets/tratamiento_card.dart:220:39 • deprecated_member_use
   info • 'withOpacity' is deprecated and shouldn't be used. Use .withValues() to avoid precision loss. Try replacing the use of the deprecated member with the replacement • lib/features/tratamiento/presentation/widgets/tratamiento_card.dart:313:32 • deprecated_member_use
   info • 'withOpacity' is deprecated and shouldn't be used. Use .withValues() to avoid precision loss. Try replacing the use of the deprecated member with the replacement • lib/features/tratamiento/presentation/widgets/tratamiento_card.dart:315:51 • deprecated_member_use
   info • 'withOpacity' is deprecated and shouldn't be used. Use .withValues() to avoid precision loss. Try replacing the use of the deprecated member with the replacement • lib/features/tratamiento/presentation/widgets/tratamiento_form_dialog.dart:95:48 • deprecated_member_use
   info • 'anonKey' is deprecated and shouldn't be used. Use publishableKey instead. anonKey will be removed in a future major version. Try replacing the use of the deprecated member with the replacement • lib/main.dart:36:7 • deprecated_member_use
   info • The private field _initial could be 'final'. Try making the field 'final' • test/connectivity_cubit_test.dart:10:8 • prefer_final_fields
   info • The member 'noSuchMethod' overrides an inherited member but isn't annotated with '@override'. Try adding the '@override' annotation • test/features/consulta/autoguardado_consulta_test.dart:25:11 • annotate_overrides
   info • Invalid use of a private type in a public API. Try making the private type public, or making the API that uses the private type also be private • test/features/consulta/avisos_persistencia_test.dart:78:6 • library_private_types_in_public_api
   info • Use the null-aware marker '?' rather than a null check via an 'if'. Try using '?' • test/features/consulta/coherencia_cita_consulta_test.dart:492:7 • use_null_aware_elements
   info • The member 'noSuchMethod' overrides an inherited member but isn't annotated with '@override'. Try adding the '@override' annotation • test/features/consulta/guardado_clinico_test.dart:12:11 • annotate_overrides
   info • The member 'noSuchMethod' overrides an inherited member but isn't annotated with '@override'. Try adding the '@override' annotation • test/features/consulta/odontodiagrama_consulta_test.dart:118:11 • annotate_overrides
   info • The member 'noSuchMethod' overrides an inherited member but isn't annotated with '@override'. Try adding the '@override' annotation • test/features/odontograma/evaluacion_historica_test.dart:22:11 • annotate_overrides
   info • The member 'noSuchMethod' overrides an inherited member but isn't annotated with '@override'. Try adding the '@override' annotation • test/features/odontograma/historial_pieza_test.dart:19:11 • annotate_overrides
   info • The local variable '_campo' starts with an underscore. Try renaming the variable to not start with an underscore • test/responsive_widgets_test.dart:209:18 • no_leading_underscores_for_local_identifiers

129 issues found. (ran in 2.9s)

Errores y warnings: 0
